0:0 -> 0:0 | "pub fn Page(allocato" => "pub fn Page(allocato"
0:3 -> 0:3 | " fn Page(allocator: " => " fn Page(allocator: "
0:4 -> 0:4 | "fn Page(allocator: z" => "fn Page(allocator: z"
0:6 -> 0:6 | " Page(allocator: zx." => " Page(allocator: zx."
0:7 -> 0:7 | "Page(allocator: zx.A" => "Page(allocator: zx.A"
0:11 -> 0:11 | "(allocator: zx.Alloc" => "(allocator: zx.Alloc"
0:12 -> 0:12 | "allocator: zx.Alloca" => "allocator: zx.Alloca"
0:21 -> 0:21 | ": zx.Allocator) zx.C" => ": zx.Allocator) zx.C"
0:22 -> 0:22 | " zx.Allocator) zx.Co" => " zx.Allocator) zx.Co"
0:23 -> 0:23 | "zx.Allocator) zx.Com" => "zx.Allocator) zx.Com"
0:25 -> 0:25 | ".Allocator) zx.Compo" => ".Allocator) zx.Compo"
0:26 -> 0:26 | "Allocator) zx.Compon" => "Allocator) zx.Compon"
0:35 -> 0:35 | ") zx.Component {" => ") zx.Component {"
0:36 -> 0:36 | " zx.Component {" => " zx.Component {"
0:37 -> 0:37 | "zx.Component {" => "zx.Component {"
0:39 -> 0:39 | ".Component {" => ".Component {"
0:40 -> 0:40 | "Component {" => "Component {"
0:49 -> 0:49 | " {" => " {"
0:50 -> 0:50 | "{" => "{"
0:51 -> 0:51 | "" => ""
1:4 -> 2:0 | "return (" => "return _zx.ele("
4:8 -> 3:4 | "</main>" => ".main,"
2:8 -> 3:4 | "<main @allocator={al" => ".main,"
4:8 -> 3:5 | "</main>" => "main,"
2:8 -> 3:5 | "<main @allocator={al" => "main,"
4:8 -> 3:9 | "</main>" => ","
2:25 -> 5:21 | "{allocator}>" => "allocator,"
3:44 -> 8:16 | "" => "Button,"
3:12 -> 8:16 | "<Button title="Custo" => "Button,"
3:44 -> 8:22 | "" => ","
3:20 -> 11:21 | "title="Custom Button" => "title = "Custom Butt"
3:26 -> 11:29 | ""Custom Button" />" => ""Custom Button""
3:44 -> 13:12 | "" => ",),"
4:15 -> 16:0 | "" => ");"
5:5 -> 16:1 | ";" => ";"
5:6 -> 16:2 | "" => ""
6:0 -> 17:0 | "}" => "}"
6:1 -> 17:1 | "" => ""
8:0 -> 19:0 | "const ButtonProps = " => "const ButtonProps = "
8:5 -> 19:5 | " ButtonProps = struc" => " ButtonProps = struc"
8:6 -> 19:6 | "ButtonProps = struct" => "ButtonProps = struct"
8:17 -> 19:17 | " = struct { title: [" => " = struct { title: ["
8:18 -> 19:18 | "= struct { title: []" => "= struct { title: []"
8:19 -> 19:19 | " struct { title: []c" => " struct { title: []c"
8:20 -> 19:20 | "struct { title: []co" => "struct { title: []co"
8:26 -> 19:26 | " { title: []const u8" => " { title: []const u8"
8:27 -> 19:27 | "{ title: []const u8 " => "{ title: []const u8 "
8:28 -> 19:28 | " title: []const u8 }" => " title: []const u8 }"
8:29 -> 19:29 | "title: []const u8 };" => "title: []const u8 };"
8:34 -> 19:34 | ": []const u8 };" => ": []const u8 };"
8:35 -> 19:35 | " []const u8 };" => " []const u8 };"
8:36 -> 19:36 | "[]const u8 };" => "[]const u8 };"
8:37 -> 19:37 | "]const u8 };" => "]const u8 };"
8:38 -> 19:38 | "const u8 };" => "const u8 };"
8:43 -> 19:43 | " u8 };" => " u8 };"
8:44 -> 19:44 | "u8 };" => "u8 };"
8:46 -> 19:46 | " };" => " };"
8:47 -> 19:47 | "};" => "};"
8:48 -> 19:48 | ";" => ";"
8:49 -> 19:49 | "" => ""
9:0 -> 20:0 | "pub fn Button(alloca" => "pub fn Button(alloca"
9:3 -> 20:3 | " fn Button(allocator" => " fn Button(allocator"
9:4 -> 20:4 | "fn Button(allocator:" => "fn Button(allocator:"
9:6 -> 20:6 | " Button(allocator: z" => " Button(allocator: z"
9:7 -> 20:7 | "Button(allocator: zx" => "Button(allocator: zx"
9:13 -> 20:13 | "(allocator: zx.Alloc" => "(allocator: zx.Alloc"
9:14 -> 20:14 | "allocator: zx.Alloca" => "allocator: zx.Alloca"
9:23 -> 20:23 | ": zx.Allocator, prop" => ": zx.Allocator, prop"
9:24 -> 20:24 | " zx.Allocator, props" => " zx.Allocator, props"
9:25 -> 20:25 | "zx.Allocator, props:" => "zx.Allocator, props:"
9:27 -> 20:27 | ".Allocator, props: B" => ".Allocator, props: B"
9:28 -> 20:28 | "Allocator, props: Bu" => "Allocator, props: Bu"
9:37 -> 20:37 | ", props: ButtonProps" => ", props: ButtonProps"
9:38 -> 20:38 | " props: ButtonProps)" => " props: ButtonProps)"
9:39 -> 20:39 | "props: ButtonProps) " => "props: ButtonProps) "
9:44 -> 20:44 | ": ButtonProps) zx.Co" => ": ButtonProps) zx.Co"
9:45 -> 20:45 | " ButtonProps) zx.Com" => " ButtonProps) zx.Com"
9:46 -> 20:46 | "ButtonProps) zx.Comp" => "ButtonProps) zx.Comp"
9:57 -> 20:57 | ") zx.Component {" => ") zx.Component {"
9:58 -> 20:58 | " zx.Component {" => " zx.Component {"
9:59 -> 20:59 | "zx.Component {" => "zx.Component {"
9:61 -> 20:61 | ".Component {" => ".Component {"
9:62 -> 20:62 | "Component {" => "Component {"
9:71 -> 20:71 | " {" => " {"
9:72 -> 20:72 | "{" => "{"
9:73 -> 20:73 | "" => ""
10:4 -> 22:0 | "return (<button @all" => "return _zx.ele("
10:56 -> 23:4 | "</button>);" => ".button,"
10:12 -> 23:4 | "<button @allocator={" => ".button,"
10:56 -> 23:5 | "</button>);" => "button,"
10:12 -> 23:5 | "<button @allocator={" => "button,"
10:56 -> 23:11 | "</button>);" => ","
10:31 -> 25:21 | "{allocator}>{props.t" => "allocator,"
10:44 -> 27:12 | "props.title}</button" => "_zx.expr(props.title"
10:44 -> 27:21 | "props.title}</button" => "props.title),"
10:65 -> 30:0 | ");" => ");"
10:66 -> 30:1 | ";" => ";"
10:67 -> 30:2 | "" => ""
11:0 -> 31:0 | "}" => "}"
11:1 -> 31:1 | "" => ""
13:0 -> 33:0 | "const zx = @import("" => "const zx = @import(""
13:5 -> 33:5 | " zx = @import("zx");" => " zx = @import("zx");"
13:6 -> 33:6 | "zx = @import("zx");" => "zx = @import("zx");"
13:8 -> 33:8 | " = @import("zx");" => " = @import("zx");"
13:9 -> 33:9 | "= @import("zx");" => "= @import("zx");"
13:10 -> 33:10 | " @import("zx");" => " @import("zx");"
13:11 -> 33:11 | "@import("zx");" => "@import("zx");"
13:18 -> 33:18 | "("zx");" => "("zx");"
13:19 -> 33:19 | ""zx");" => ""zx");"
13:20 -> 33:20 | "zx");" => "zx");"
13:22 -> 33:22 | "");" => "");"
13:23 -> 33:23 | ");" => ");"
13:24 -> 33:24 | ";" => ";"
13:25 -> 33:25 | "" => ""
