0:0 -> 0:0 | "pub fn Page(allocato" => "pub fn Page(allocato"
0:3 -> 0:3 | " fn Page(allocator: " => " fn Page(allocator: "
0:4 -> 0:4 | "fn Page(allocator: z" => "fn Page(allocator: z"
0:6 -> 0:6 | " Page(allocator: zx." => " Page(allocator: zx."
0:7 -> 0:7 | "Page(allocator: zx.A" => "Page(allocator: zx.A"
0:11 -> 0:11 | "(allocator: zx.Alloc" => "(allocator: zx.Alloc"
0:12 -> 0:12 | "allocator: zx.Alloca" => "allocator: zx.Alloca"
0:21 -> 0:21 | ": zx.Allocator) zx.C" => ": zx.Allocator) zx.C"
0:22 -> 0:22 | " zx.Allocator) zx.Co" => " zx.Allocator) zx.Co"
0:23 -> 0:23 | "zx.Allocator) zx.Com" => "zx.Allocator) zx.Com"
0:25 -> 0:25 | ".Allocator) zx.Compo" => ".Allocator) zx.Compo"
0:26 -> 0:26 | "Allocator) zx.Compon" => "Allocator) zx.Compon"
0:35 -> 0:35 | ") zx.Component {" => ") zx.Component {"
0:36 -> 0:36 | " zx.Component {" => " zx.Component {"
0:37 -> 0:37 | "zx.Component {" => "zx.Component {"
0:39 -> 0:39 | ".Component {" => ".Component {"
0:40 -> 0:40 | "Component {" => "Component {"
0:49 -> 0:49 | " {" => " {"
0:50 -> 0:50 | "{" => "{"
0:51 -> 0:51 | "" => ""
1:4 -> 1:4 | "const user_name = "A" => "const user_name = "A"
1:9 -> 1:9 | " user_name = "Alice " => " user_name = "Alice "
1:10 -> 1:10 | "user_name = "Alice &" => "user_name = "Alice &"
1:19 -> 1:19 | " = "Alice & Bob";" => " = "Alice & Bob";"
1:20 -> 1:20 | "= "Alice & Bob";" => "= "Alice & Bob";"
1:21 -> 1:21 | " "Alice & Bob";" => " "Alice & Bob";"
1:22 -> 1:22 | ""Alice & Bob";" => ""Alice & Bob";"
1:23 -> 1:23 | "Alice & Bob";" => "Alice & Bob";"
1:34 -> 1:34 | "";" => "";"
1:35 -> 1:35 | ";" => ";"
1:36 -> 1:36 | "" => ""
2:4 -> 2:4 | "const html_content =" => "const html_content ="
2:9 -> 2:9 | " html_content = "<sc" => " html_content = "<sc"
2:10 -> 2:10 | "html_content = "<scr" => "html_content = "<scr"
2:22 -> 2:22 | " = "<script>alert('X" => " = "<script>alert('X"
2:23 -> 2:23 | "= "<script>alert('XS" => "= "<script>alert('XS"
2:24 -> 2:24 | " "<script>alert('XSS" => " "<script>alert('XSS"
2:25 -> 2:25 | ""<script>alert('XSS'" => ""<script>alert('XSS'"
2:26 -> 2:26 | "<script>alert('XSS')" => "<script>alert('XSS')"
2:55 -> 2:55 | "";" => "";"
2:56 -> 2:56 | ";" => ";"
2:57 -> 2:57 | "" => ""
3:4 -> 3:4 | "const unsafe_html = " => "const unsafe_html = "
3:9 -> 3:9 | " unsafe_html = "<spa" => " unsafe_html = "<spa"
3:10 -> 3:10 | "unsafe_html = "<span" => "unsafe_html = "<span"
3:21 -> 3:21 | " = "<span>Test</span" => " = "<span>Test</span"
3:22 -> 3:22 | "= "<span>Test</span>" => "= "<span>Test</span>"
3:23 -> 3:23 | " "<span>Test</span>"" => " "<span>Test</span>""
3:24 -> 3:24 | ""<span>Test</span>";" => ""<span>Test</span>";"
3:25 -> 3:25 | "<span>Test</span>";" => "<span>Test</span>";"
3:42 -> 3:42 | "";" => "";"
3:43 -> 3:43 | ";" => ";"
3:44 -> 3:44 | "" => ""
5:4 -> 6:0 | "return (" => "return _zx.ele("
12:8 -> 7:4 | "</main>" => ".main,"
6:8 -> 7:4 | "<main @allocator={al" => ".main,"
12:8 -> 7:5 | "</main>" => "main,"
6:8 -> 7:5 | "<main @allocator={al" => "main,"
12:8 -> 7:9 | "</main>" => ","
6:25 -> 9:21 | "{allocator}>" => "allocator,"
11:12 -> 12:16 | "</section>" => ".section,"
7:12 -> 12:16 | "<section>" => ".section,"
11:12 -> 12:17 | "</section>" => "section,"
7:12 -> 12:17 | "<section>" => "section,"
11:12 -> 12:24 | "</section>" => ","
8:36 -> 16:28 | "</p>" => ".p,"
8:16 -> 16:28 | "<p>User: {user_name}" => ".p,"
8:36 -> 16:29 | "</p>" => "p,"
8:16 -> 16:29 | "<p>User: {user_name}" => "p,"
8:36 -> 16:30 | "</p>" => ","
8:19 -> 19:36 | "User: {user_name}</p" => "_zx.txt("User: "),"
8:26 -> 20:36 | "user_name}</p>" => "_zx.expr(user_name),"
8:26 -> 20:45 | "user_name}</p>" => "user_name),"
8:40 -> 23:24 | "" => "),"
9:44 -> 25:28 | "</p>" => ".p,"
9:16 -> 25:28 | "<p>Safe HTML: {html_" => ".p,"
9:44 -> 25:29 | "</p>" => "p,"
9:16 -> 25:29 | "<p>Safe HTML: {html_" => "p,"
9:44 -> 25:30 | "</p>" => ","
9:19 -> 28:36 | "Safe HTML: {html_con" => "_zx.txt("Safe HTML: "
9:31 -> 29:36 | "html_content}</p>" => "_zx.expr(html_conten"
9:31 -> 29:45 | "html_content}</p>" => "html_content),"
9:48 -> 32:24 | "" => "),"
10:63 -> 34:28 | "</p>" => ".p,"
10:16 -> 34:28 | "<p @escaping={.html}" => ".p,"
10:63 -> 34:29 | "</p>" => "p,"
10:16 -> 34:29 | "<p @escaping={.html}" => "p,"
10:63 -> 34:30 | "</p>" => ","
10:29 -> 36:44 | "{.html}>Unsafe HTML:" => ".html,"
10:37 -> 38:36 | "Unsafe HTML: {unsafe" => "_zx.txt("Unsafe HTML"
10:51 -> 39:36 | "unsafe_html}</p>" => "_zx.expr(unsafe_html"
10:51 -> 39:45 | "unsafe_html}</p>" => "unsafe_html),"
10:67 -> 42:24 | "" => "),"
11:22 -> 45:12 | "" => "),"
12:15 -> 48:0 | "" => ");"
13:5 -> 48:1 | ";" => ";"
13:6 -> 48:2 | "" => ""
14:0 -> 49:0 | "}" => "}"
14:1 -> 49:1 | "" => ""
16:0 -> 51:0 | "const zx = @import("" => "const zx = @import(""
16:5 -> 51:5 | " zx = @import("zx");" => " zx = @import("zx");"
16:6 -> 51:6 | "zx = @import("zx");" => "zx = @import("zx");"
16:8 -> 51:8 | " = @import("zx");" => " = @import("zx");"
16:9 -> 51:9 | "= @import("zx");" => "= @import("zx");"
16:10 -> 51:10 | " @import("zx");" => " @import("zx");"
16:11 -> 51:11 | "@import("zx");" => "@import("zx");"
16:18 -> 51:18 | "("zx");" => "("zx");"
16:19 -> 51:19 | ""zx");" => ""zx");"
16:20 -> 51:20 | "zx");" => "zx");"
16:22 -> 51:22 | "");" => "");"
16:23 -> 51:23 | ");" => ");"
16:24 -> 51:24 | ";" => ";"
16:25 -> 51:25 | "" => ""
