0:0 -> 0:0 | "pub fn Page(allocato" => "pub fn Page(allocato"
0:3 -> 0:3 | " fn Page(allocator: " => " fn Page(allocator: "
0:4 -> 0:4 | "fn Page(allocator: z" => "fn Page(allocator: z"
0:6 -> 0:6 | " Page(allocator: zx." => " Page(allocator: zx."
0:7 -> 0:7 | "Page(allocator: zx.A" => "Page(allocator: zx.A"
0:11 -> 0:11 | "(allocator: zx.Alloc" => "(allocator: zx.Alloc"
0:12 -> 0:12 | "allocator: zx.Alloca" => "allocator: zx.Alloca"
0:21 -> 0:21 | ": zx.Allocator) zx.C" => ": zx.Allocator) zx.C"
0:22 -> 0:22 | " zx.Allocator) zx.Co" => " zx.Allocator) zx.Co"
0:23 -> 0:23 | "zx.Allocator) zx.Com" => "zx.Allocator) zx.Com"
0:25 -> 0:25 | ".Allocator) zx.Compo" => ".Allocator) zx.Compo"
0:26 -> 0:26 | "Allocator) zx.Compon" => "Allocator) zx.Compon"
0:35 -> 0:35 | ") zx.Component {" => ") zx.Component {"
0:36 -> 0:36 | " zx.Component {" => " zx.Component {"
0:37 -> 0:37 | "zx.Component {" => "zx.Component {"
0:39 -> 0:39 | ".Component {" => ".Component {"
0:40 -> 0:40 | "Component {" => "Component {"
0:49 -> 0:49 | " {" => " {"
0:50 -> 0:50 | "{" => "{"
0:51 -> 0:51 | "" => ""
1:4 -> 1:4 | "const user_names = [" => "const user_names = ["
1:9 -> 1:9 | " user_names = [_][]c" => " user_names = [_][]c"
1:10 -> 1:10 | "user_names = [_][]co" => "user_names = [_][]co"
1:20 -> 1:20 | " = [_][]const u8{ "J" => " = [_][]const u8{ "J"
1:21 -> 1:21 | "= [_][]const u8{ "Jo" => "= [_][]const u8{ "Jo"
1:22 -> 1:22 | " [_][]const u8{ "Joh" => " [_][]const u8{ "Joh"
1:23 -> 1:23 | "[_][]const u8{ "John" => "[_][]const u8{ "John"
1:24 -> 1:24 | "_][]const u8{ "John"" => "_][]const u8{ "John""
1:25 -> 1:25 | "][]const u8{ "John"," => "][]const u8{ "John","
1:26 -> 1:26 | "[]const u8{ "John", " => "[]const u8{ "John", "
1:27 -> 1:27 | "]const u8{ "John", "" => "]const u8{ "John", ""
1:28 -> 1:28 | "const u8{ "John", "J" => "const u8{ "John", "J"
1:33 -> 1:33 | " u8{ "John", "Jane"," => " u8{ "John", "Jane","
1:34 -> 1:34 | "u8{ "John", "Jane", " => "u8{ "John", "Jane", "
1:36 -> 1:36 | "{ "John", "Jane", "J" => "{ "John", "Jane", "J"
1:37 -> 1:37 | " "John", "Jane", "Ji" => " "John", "Jane", "Ji"
1:38 -> 1:38 | ""John", "Jane", "Jim" => ""John", "Jane", "Jim"
1:39 -> 1:39 | "John", "Jane", "Jim"" => "John", "Jane", "Jim""
1:43 -> 1:43 | "", "Jane", "Jim", "J" => "", "Jane", "Jim", "J"
1:44 -> 1:44 | ", "Jane", "Jim", "Ji" => ", "Jane", "Jim", "Ji"
1:45 -> 1:45 | " "Jane", "Jim", "Jil" => " "Jane", "Jim", "Jil"
1:46 -> 1:46 | ""Jane", "Jim", "Jill" => ""Jane", "Jim", "Jill"
1:47 -> 1:47 | "Jane", "Jim", "Jill"" => "Jane", "Jim", "Jill""
1:51 -> 1:51 | "", "Jim", "Jill" };" => "", "Jim", "Jill" };"
1:52 -> 1:52 | ", "Jim", "Jill" };" => ", "Jim", "Jill" };"
1:53 -> 1:53 | " "Jim", "Jill" };" => " "Jim", "Jill" };"
1:54 -> 1:54 | ""Jim", "Jill" };" => ""Jim", "Jill" };"
1:55 -> 1:55 | "Jim", "Jill" };" => "Jim", "Jill" };"
1:58 -> 1:58 | "", "Jill" };" => "", "Jill" };"
1:59 -> 1:59 | ", "Jill" };" => ", "Jill" };"
1:60 -> 1:60 | " "Jill" };" => " "Jill" };"
1:61 -> 1:61 | ""Jill" };" => ""Jill" };"
1:62 -> 1:62 | "Jill" };" => "Jill" };"
1:66 -> 1:66 | "" };" => "" };"
1:67 -> 1:67 | " };" => " };"
1:68 -> 1:68 | "};" => "};"
1:69 -> 1:69 | ";" => ";"
1:70 -> 1:70 | "" => ""
2:4 -> 3:0 | "return (" => "return _zx.ele("
5:8 -> 4:4 | "</main>" => ".main,"
3:8 -> 4:4 | "<main @allocator={al" => ".main,"
5:8 -> 4:5 | "</main>" => "main,"
3:8 -> 4:5 | "<main @allocator={al" => "main,"
5:8 -> 4:9 | "</main>" => ","
3:25 -> 6:21 | "{allocator}>" => "allocator,"
4:18 -> 9:86 | "user_names) |name| (" => "user_names.len) catc"
4:47 -> 12:24 | "</p>)}" => ".p,"
4:38 -> 12:24 | "<p>{name}</p>)}" => ".p,"
4:47 -> 12:25 | "</p>)}" => "p,"
4:38 -> 12:25 | "<p>{name}</p>)}" => "p,"
4:47 -> 12:26 | "</p>)}" => ","
4:42 -> 15:32 | "name}</p>)}" => "_zx.expr(name),"
4:42 -> 15:41 | "name}</p>)}" => "name),"
4:51 -> 18:20 | ")}" => ");"
5:15 -> 24:0 | "" => ");"
6:5 -> 24:1 | ";" => ";"
6:6 -> 24:2 | "" => ""
7:0 -> 25:0 | "}" => "}"
7:1 -> 25:1 | "" => ""
9:0 -> 27:0 | "pub fn StructCapture" => "pub fn StructCapture"
9:3 -> 27:3 | " fn StructCapture(al" => " fn StructCapture(al"
9:4 -> 27:4 | "fn StructCapture(all" => "fn StructCapture(all"
9:6 -> 27:6 | " StructCapture(alloc" => " StructCapture(alloc"
9:7 -> 27:7 | "StructCapture(alloca" => "StructCapture(alloca"
9:20 -> 27:20 | "(allocator: zx.Alloc" => "(allocator: zx.Alloc"
9:21 -> 27:21 | "allocator: zx.Alloca" => "allocator: zx.Alloca"
9:30 -> 27:30 | ": zx.Allocator) zx.C" => ": zx.Allocator) zx.C"
9:31 -> 27:31 | " zx.Allocator) zx.Co" => " zx.Allocator) zx.Co"
9:32 -> 27:32 | "zx.Allocator) zx.Com" => "zx.Allocator) zx.Com"
9:34 -> 27:34 | ".Allocator) zx.Compo" => ".Allocator) zx.Compo"
9:35 -> 27:35 | "Allocator) zx.Compon" => "Allocator) zx.Compon"
9:44 -> 27:44 | ") zx.Component {" => ") zx.Component {"
9:45 -> 27:45 | " zx.Component {" => " zx.Component {"
9:46 -> 27:46 | "zx.Component {" => "zx.Component {"
9:48 -> 27:48 | ".Component {" => ".Component {"
9:49 -> 27:49 | "Component {" => "Component {"
9:58 -> 27:58 | " {" => " {"
9:59 -> 27:59 | "{" => "{"
9:60 -> 27:60 | "" => ""
10:4 -> 29:0 | "return (" => "return _zx.ele("
13:8 -> 30:4 | "</main>" => ".main,"
11:8 -> 30:4 | "<main @allocator={al" => ".main,"
13:8 -> 30:5 | "</main>" => "main,"
11:8 -> 30:5 | "<main @allocator={al" => "main,"
13:8 -> 30:9 | "</main>" => ","
11:25 -> 32:21 | "{allocator}>" => "allocator,"
12:18 -> 35:86 | "users) |user| (<p>{u" => "users.len) catch unr"
12:60 -> 38:24 | "</p>)}" => ".p,"
12:33 -> 38:24 | "<p>{user.name} - {us" => ".p,"
12:60 -> 38:25 | "</p>)}" => "p,"
12:33 -> 38:25 | "<p>{user.name} - {us" => "p,"
12:60 -> 38:26 | "</p>)}" => ","
12:37 -> 41:32 | "user.name} - {user.a" => "_zx.expr(user.name),"
12:37 -> 41:41 | "user.name} - {user.a" => "user.name),"
12:47 -> 42:32 | " - {user.age}</p>)}" => "_zx.txt(" - "),"
12:51 -> 43:32 | "user.age}</p>)}" => "_zx.expr(user.age),"
12:51 -> 43:41 | "user.age}</p>)}" => "user.age),"
12:64 -> 46:20 | ")}" => ");"
13:15 -> 52:0 | "" => ");"
14:5 -> 52:1 | ";" => ";"
14:6 -> 52:2 | "" => ""
15:0 -> 53:0 | "}" => "}"
15:1 -> 53:1 | "" => ""
17:0 -> 55:0 | "pub fn StructExtraCa" => "pub fn StructExtraCa"
17:3 -> 55:3 | " fn StructExtraCaptu" => " fn StructExtraCaptu"
17:4 -> 55:4 | "fn StructExtraCaptur" => "fn StructExtraCaptur"
17:6 -> 55:6 | " StructExtraCapture(" => " StructExtraCapture("
17:7 -> 55:7 | "StructExtraCapture(a" => "StructExtraCapture(a"
17:25 -> 55:25 | "(allocator: zx.Alloc" => "(allocator: zx.Alloc"
17:26 -> 55:26 | "allocator: zx.Alloca" => "allocator: zx.Alloca"
17:35 -> 55:35 | ": zx.Allocator) zx.C" => ": zx.Allocator) zx.C"
17:36 -> 55:36 | " zx.Allocator) zx.Co" => " zx.Allocator) zx.Co"
17:37 -> 55:37 | "zx.Allocator) zx.Com" => "zx.Allocator) zx.Com"
17:39 -> 55:39 | ".Allocator) zx.Compo" => ".Allocator) zx.Compo"
17:40 -> 55:40 | "Allocator) zx.Compon" => "Allocator) zx.Compon"
17:49 -> 55:49 | ") zx.Component {" => ") zx.Component {"
17:50 -> 55:50 | " zx.Component {" => " zx.Component {"
17:51 -> 55:51 | "zx.Component {" => "zx.Component {"
17:53 -> 55:53 | ".Component {" => ".Component {"
17:54 -> 55:54 | "Component {" => "Component {"
17:63 -> 55:63 | " {" => " {"
17:64 -> 55:64 | "{" => "{"
17:65 -> 55:65 | "" => ""
18:4 -> 57:0 | "return (" => "return _zx.ele("
21:8 -> 58:4 | "</main>" => ".main,"
19:8 -> 58:4 | "<main @allocator={al" => ".main,"
21:8 -> 58:5 | "</main>" => "main,"
19:8 -> 58:5 | "<main @allocator={al" => "main,"
21:8 -> 58:9 | "</main>" => ","
19:25 -> 60:21 | "{allocator}>" => "allocator,"
20:18 -> 63:86 | "users, 0..) |user, i" => "users.len) catch unr"
20:74 -> 66:24 | "</p>)}" => ".p,"
20:41 -> 66:24 | "<p>{i} - {user.name}" => ".p,"
20:74 -> 66:25 | "</p>)}" => "p,"
20:41 -> 66:25 | "<p>{i} - {user.name}" => "p,"
20:74 -> 66:26 | "</p>)}" => ","
20:45 -> 69:32 | "i} - {user.name} - {" => "_zx.expr(i),"
20:45 -> 69:41 | "i} - {user.name} - {" => "i),"
20:47 -> 70:32 | " - {user.name} - {us" => "_zx.txt(" - "),"
20:51 -> 71:32 | "user.name} - {user.a" => "_zx.expr(user.name),"
20:51 -> 71:41 | "user.name} - {user.a" => "user.name),"
20:61 -> 72:32 | " - {user.age}</p>)}" => "_zx.txt(" - "),"
20:65 -> 73:32 | "user.age}</p>)}" => "_zx.expr(user.age),"
20:65 -> 73:41 | "user.age}</p>)}" => "user.age),"
20:78 -> 76:20 | ")}" => ");"
21:15 -> 82:0 | "" => ");"
22:5 -> 82:1 | ";" => ";"
22:6 -> 82:2 | "" => ""
23:0 -> 83:0 | "}" => "}"
23:1 -> 83:1 | "" => ""
25:0 -> 85:0 | "pub fn StructComplex" => "pub fn StructComplex"
25:3 -> 85:3 | " fn StructComplexPar" => " fn StructComplexPar"
25:4 -> 85:4 | "fn StructComplexPara" => "fn StructComplexPara"
25:6 -> 85:6 | " StructComplexParam(" => " StructComplexParam("
25:7 -> 85:7 | "StructComplexParam(a" => "StructComplexParam(a"
25:25 -> 85:25 | "(allocator: zx.Alloc" => "(allocator: zx.Alloc"
25:26 -> 85:26 | "allocator: zx.Alloca" => "allocator: zx.Alloca"
25:35 -> 85:35 | ": zx.Allocator) zx.C" => ": zx.Allocator) zx.C"
25:36 -> 85:36 | " zx.Allocator) zx.Co" => " zx.Allocator) zx.Co"
25:37 -> 85:37 | "zx.Allocator) zx.Com" => "zx.Allocator) zx.Com"
25:39 -> 85:39 | ".Allocator) zx.Compo" => ".Allocator) zx.Compo"
25:40 -> 85:40 | "Allocator) zx.Compon" => "Allocator) zx.Compon"
25:49 -> 85:49 | ") zx.Component {" => ") zx.Component {"
25:50 -> 85:50 | " zx.Component {" => " zx.Component {"
25:51 -> 85:51 | "zx.Component {" => "zx.Component {"
25:53 -> 85:53 | ".Component {" => ".Component {"
25:54 -> 85:54 | "Component {" => "Component {"
25:63 -> 85:63 | " {" => " {"
25:64 -> 85:64 | "{" => "{"
25:65 -> 85:65 | "" => ""
26:4 -> 86:4 | "const data = .{ .use" => "const data = .{ .use"
26:9 -> 86:9 | " data = .{ .users = " => " data = .{ .users = "
26:10 -> 86:10 | "data = .{ .users = u" => "data = .{ .users = u"
26:14 -> 86:14 | " = .{ .users = users" => " = .{ .users = users"
26:15 -> 86:15 | "= .{ .users = users " => "= .{ .users = users "
26:16 -> 86:16 | " .{ .users = users }" => " .{ .users = users }"
26:17 -> 86:17 | ".{ .users = users };" => ".{ .users = users };"
26:18 -> 86:18 | "{ .users = users };" => "{ .users = users };"
26:19 -> 86:19 | " .users = users };" => " .users = users };"
26:20 -> 86:20 | ".users = users };" => ".users = users };"
26:21 -> 86:21 | "users = users };" => "users = users };"
26:26 -> 86:26 | " = users };" => " = users };"
26:27 -> 86:27 | "= users };" => "= users };"
26:28 -> 86:28 | " users };" => " users };"
26:29 -> 86:29 | "users };" => "users };"
26:34 -> 86:34 | " };" => " };"
26:35 -> 86:35 | "};" => "};"
26:36 -> 86:36 | ";" => ";"
26:37 -> 86:37 | "" => ""
27:4 -> 88:0 | "return (" => "return _zx.ele("
31:8 -> 89:4 | "</main>" => ".main,"
28:8 -> 89:4 | "<main @allocator={al" => ".main,"
31:8 -> 89:5 | "</main>" => "main,"
28:8 -> 89:5 | "<main @allocator={al" => "main,"
31:8 -> 89:9 | "</main>" => ","
28:25 -> 91:21 | "{allocator}>" => "allocator,"
29:18 -> 94:86 | "data.users, 0..) |u," => "data.users.len) catc"
29:90 -> 97:24 | "</p>)}" => ".p,"
29:43 -> 97:24 | "<p>{u} - {i} - {user" => ".p,"
29:90 -> 97:25 | "</p>)}" => "p,"
29:43 -> 97:25 | "<p>{u} - {i} - {user" => "p,"
29:90 -> 97:26 | "</p>)}" => ","
29:47 -> 100:32 | "u} - {i} - {users[i]" => "_zx.expr(u),"
29:47 -> 100:41 | "u} - {i} - {users[i]" => "u),"
29:49 -> 101:32 | " - {i} - {users[i].n" => "_zx.txt(" - "),"
29:53 -> 102:32 | "i} - {users[i].name}" => "_zx.expr(i),"
29:53 -> 102:41 | "i} - {users[i].name}" => "i),"
29:55 -> 103:32 | " - {users[i].name} -" => "_zx.txt(" - "),"
29:59 -> 104:32 | "users[i].name} - {us" => "_zx.expr(users[i].na"
29:59 -> 104:41 | "users[i].name} - {us" => "users[i].name),"
29:73 -> 105:32 | " - {users[i].age}</p" => "_zx.txt(" - "),"
29:77 -> 106:32 | "users[i].age}</p>)}" => "_zx.expr(users[i].ag"
29:77 -> 106:41 | "users[i].age}</p>)}" => "users[i].age),"
29:94 -> 109:20 | ")}" => ");"
30:18 -> 114:86 | "getUsers(), 0..) |us" => "getUsers().len) catc"
30:79 -> 117:24 | "</p>)}" => ".p,"
30:46 -> 117:24 | "<p>{i} - {user.name}" => ".p,"
30:79 -> 117:25 | "</p>)}" => "p,"
30:46 -> 117:25 | "<p>{i} - {user.name}" => "p,"
30:79 -> 117:26 | "</p>)}" => ","
30:50 -> 120:32 | "i} - {user.name} - {" => "_zx.expr(i),"
30:50 -> 120:41 | "i} - {user.name} - {" => "i),"
30:52 -> 121:32 | " - {user.name} - {us" => "_zx.txt(" - "),"
30:56 -> 122:32 | "user.name} - {user.a" => "_zx.expr(user.name),"
30:56 -> 122:41 | "user.name} - {user.a" => "user.name),"
30:66 -> 123:32 | " - {user.age}</p>)}" => "_zx.txt(" - "),"
30:70 -> 124:32 | "user.age}</p>)}" => "_zx.expr(user.age),"
30:70 -> 124:41 | "user.age}</p>)}" => "user.age),"
30:83 -> 127:20 | ")}" => ");"
31:15 -> 133:0 | "" => ");"
32:5 -> 133:1 | ";" => ";"
32:6 -> 133:2 | "" => ""
33:0 -> 134:0 | "}" => "}"
33:1 -> 134:1 | "" => ""
35:0 -> 136:0 | "fn getUsers() [users" => "fn getUsers() [users"
35:2 -> 136:2 | " getUsers() [users.l" => " getUsers() [users.l"
35:3 -> 136:3 | "getUsers() [users.le" => "getUsers() [users.le"
35:11 -> 136:11 | "() [users.len]User {" => "() [users.len]User {"
35:12 -> 136:12 | ") [users.len]User {" => ") [users.len]User {"
35:13 -> 136:13 | " [users.len]User {" => " [users.len]User {"
35:14 -> 136:14 | "[users.len]User {" => "[users.len]User {"
35:15 -> 136:15 | "users.len]User {" => "users.len]User {"
35:20 -> 136:20 | ".len]User {" => ".len]User {"
35:21 -> 136:21 | "len]User {" => "len]User {"
35:24 -> 136:24 | "]User {" => "]User {"
35:25 -> 136:25 | "User {" => "User {"
35:29 -> 136:29 | " {" => " {"
35:30 -> 136:30 | "{" => "{"
35:31 -> 136:31 | "" => ""
36:4 -> 137:4 | "return users;" => "return users;"
36:10 -> 137:10 | " users;" => " users;"
36:11 -> 137:11 | "users;" => "users;"
36:16 -> 137:16 | ";" => ";"
36:17 -> 137:17 | "" => ""
37:0 -> 138:0 | "}" => "}"
37:1 -> 138:1 | "" => ""
39:0 -> 140:0 | "pub fn StructCapture" => "pub fn StructCapture"
39:3 -> 140:3 | " fn StructCaptureToC" => " fn StructCaptureToC"
39:4 -> 140:4 | "fn StructCaptureToCo" => "fn StructCaptureToCo"
39:6 -> 140:6 | " StructCaptureToComp" => " StructCaptureToComp"
39:7 -> 140:7 | "StructCaptureToCompo" => "StructCaptureToCompo"
39:31 -> 140:31 | "(allocator: zx.Alloc" => "(allocator: zx.Alloc"
39:32 -> 140:32 | "allocator: zx.Alloca" => "allocator: zx.Alloca"
39:41 -> 140:41 | ": zx.Allocator) zx.C" => ": zx.Allocator) zx.C"
39:42 -> 140:42 | " zx.Allocator) zx.Co" => " zx.Allocator) zx.Co"
39:43 -> 140:43 | "zx.Allocator) zx.Com" => "zx.Allocator) zx.Com"
39:45 -> 140:45 | ".Allocator) zx.Compo" => ".Allocator) zx.Compo"
39:46 -> 140:46 | "Allocator) zx.Compon" => "Allocator) zx.Compon"
39:55 -> 140:55 | ") zx.Component {" => ") zx.Component {"
39:56 -> 140:56 | " zx.Component {" => " zx.Component {"
39:57 -> 140:57 | "zx.Component {" => "zx.Component {"
39:59 -> 140:59 | ".Component {" => ".Component {"
39:60 -> 140:60 | "Component {" => "Component {"
39:69 -> 140:69 | " {" => " {"
39:70 -> 140:70 | "{" => "{"
39:71 -> 140:71 | "" => ""
40:4 -> 142:0 | "return (" => "return _zx.ele("
43:8 -> 143:4 | "</main>" => ".main,"
41:8 -> 143:4 | "<main @allocator={al" => ".main,"
43:8 -> 143:5 | "</main>" => "main,"
41:8 -> 143:5 | "<main @allocator={al" => "main,"
43:8 -> 143:9 | "</main>" => ","
41:25 -> 145:21 | "{allocator}>" => "allocator,"
42:18 -> 148:86 | "users) |user| (<User" => "users.len) catch unr"
42:82 -> 151:24 | ")}" => "UserComponent,"
42:33 -> 151:24 | "<UserComponent name=" => "UserComponent,"
42:82 -> 151:37 | ")}" => ","
42:48 -> 154:29 | "name={user.name} age" => "name = user.name,"
42:53 -> 154:36 | "{user.name} age={use" => "user.name,"
42:65 -> 155:29 | "age={user.age} />)}" => "age = user.age"
42:69 -> 155:35 | "{user.age} />)}" => "user.age"
42:82 -> 157:20 | ")}" => ",);"
43:15 -> 163:0 | "" => ");"
44:5 -> 163:1 | ";" => ";"
44:6 -> 163:2 | "" => ""
45:0 -> 164:0 | "}" => "}"
45:1 -> 164:1 | "" => ""
47:0 -> 166:0 | "const User = struct " => "const User = struct "
47:5 -> 166:5 | " User = struct { nam" => " User = struct { nam"
47:6 -> 166:6 | "User = struct { name" => "User = struct { name"
47:10 -> 166:10 | " = struct { name: []" => " = struct { name: []"
47:11 -> 166:11 | "= struct { name: []c" => "= struct { name: []c"
47:12 -> 166:12 | " struct { name: []co" => " struct { name: []co"
47:13 -> 166:13 | "struct { name: []con" => "struct { name: []con"
47:19 -> 166:19 | " { name: []const u8," => " { name: []const u8,"
47:20 -> 166:20 | "{ name: []const u8, " => "{ name: []const u8, "
47:21 -> 166:21 | " name: []const u8, a" => " name: []const u8, a"
47:22 -> 166:22 | "name: []const u8, ag" => "name: []const u8, ag"
47:26 -> 166:26 | ": []const u8, age: u" => ": []const u8, age: u"
47:27 -> 166:27 | " []const u8, age: u3" => " []const u8, age: u3"
47:28 -> 166:28 | "[]const u8, age: u32" => "[]const u8, age: u32"
47:29 -> 166:29 | "]const u8, age: u32 " => "]const u8, age: u32 "
47:30 -> 166:30 | "const u8, age: u32 }" => "const u8, age: u32 }"
47:35 -> 166:35 | " u8, age: u32 };" => " u8, age: u32 };"
47:36 -> 166:36 | "u8, age: u32 };" => "u8, age: u32 };"
47:38 -> 166:38 | ", age: u32 };" => ", age: u32 };"
47:39 -> 166:39 | " age: u32 };" => " age: u32 };"
47:40 -> 166:40 | "age: u32 };" => "age: u32 };"
47:43 -> 166:43 | ": u32 };" => ": u32 };"
47:44 -> 166:44 | " u32 };" => " u32 };"
47:45 -> 166:45 | "u32 };" => "u32 };"
47:48 -> 166:48 | " };" => " };"
47:49 -> 166:49 | "};" => "};"
47:50 -> 166:50 | ";" => ";"
47:51 -> 166:51 | "" => ""
48:0 -> 167:0 | "const users = [_]Use" => "const users = [_]Use"
48:5 -> 167:5 | " users = [_]User{" => " users = [_]User{"
48:6 -> 167:6 | "users = [_]User{" => "users = [_]User{"
48:11 -> 167:11 | " = [_]User{" => " = [_]User{"
48:12 -> 167:12 | "= [_]User{" => "= [_]User{"
48:13 -> 167:13 | " [_]User{" => " [_]User{"
48:14 -> 167:14 | "[_]User{" => "[_]User{"
48:15 -> 167:15 | "_]User{" => "_]User{"
48:16 -> 167:16 | "]User{" => "]User{"
48:17 -> 167:17 | "User{" => "User{"
48:21 -> 167:21 | "{" => "{"
48:22 -> 167:22 | "" => ""
49:4 -> 168:4 | ".{ .name = "John", ." => ".{ .name = "John", ."
49:5 -> 168:5 | "{ .name = "John", .a" => "{ .name = "John", .a"
49:6 -> 168:6 | " .name = "John", .ag" => " .name = "John", .ag"
49:7 -> 168:7 | ".name = "John", .age" => ".name = "John", .age"
49:8 -> 168:8 | "name = "John", .age " => "name = "John", .age "
49:12 -> 168:12 | " = "John", .age = 20" => " = "John", .age = 20"
49:13 -> 168:13 | "= "John", .age = 20 " => "= "John", .age = 20 "
49:14 -> 168:14 | " "John", .age = 20 }" => " "John", .age = 20 }"
49:15 -> 168:15 | ""John", .age = 20 }," => ""John", .age = 20 },"
49:16 -> 168:16 | "John", .age = 20 }," => "John", .age = 20 },"
49:20 -> 168:20 | "", .age = 20 }," => "", .age = 20 },"
49:21 -> 168:21 | ", .age = 20 }," => ", .age = 20 },"
49:22 -> 168:22 | " .age = 20 }," => " .age = 20 },"
49:23 -> 168:23 | ".age = 20 }," => ".age = 20 },"
49:24 -> 168:24 | "age = 20 }," => "age = 20 },"
49:27 -> 168:27 | " = 20 }," => " = 20 },"
49:28 -> 168:28 | "= 20 }," => "= 20 },"
49:29 -> 168:29 | " 20 }," => " 20 },"
49:30 -> 168:30 | "20 }," => "20 },"
49:32 -> 168:32 | " }," => " },"
49:33 -> 168:33 | "}," => "},"
49:34 -> 168:34 | "," => ","
49:35 -> 168:35 | "" => ""
50:4 -> 169:4 | ".{ .name = "Jane", ." => ".{ .name = "Jane", ."
50:5 -> 169:5 | "{ .name = "Jane", .a" => "{ .name = "Jane", .a"
50:6 -> 169:6 | " .name = "Jane", .ag" => " .name = "Jane", .ag"
50:7 -> 169:7 | ".name = "Jane", .age" => ".name = "Jane", .age"
50:8 -> 169:8 | "name = "Jane", .age " => "name = "Jane", .age "
50:12 -> 169:12 | " = "Jane", .age = 21" => " = "Jane", .age = 21"
50:13 -> 169:13 | "= "Jane", .age = 21 " => "= "Jane", .age = 21 "
50:14 -> 169:14 | " "Jane", .age = 21 }" => " "Jane", .age = 21 }"
50:15 -> 169:15 | ""Jane", .age = 21 }," => ""Jane", .age = 21 },"
50:16 -> 169:16 | "Jane", .age = 21 }," => "Jane", .age = 21 },"
50:20 -> 169:20 | "", .age = 21 }," => "", .age = 21 },"
50:21 -> 169:21 | ", .age = 21 }," => ", .age = 21 },"
50:22 -> 169:22 | " .age = 21 }," => " .age = 21 },"
50:23 -> 169:23 | ".age = 21 }," => ".age = 21 },"
50:24 -> 169:24 | "age = 21 }," => "age = 21 },"
50:27 -> 169:27 | " = 21 }," => " = 21 },"
50:28 -> 169:28 | "= 21 }," => "= 21 },"
50:29 -> 169:29 | " 21 }," => " 21 },"
50:30 -> 169:30 | "21 }," => "21 },"
50:32 -> 169:32 | " }," => " },"
50:33 -> 169:33 | "}," => "},"
50:34 -> 169:34 | "," => ","
50:35 -> 169:35 | "" => ""
51:4 -> 170:4 | ".{ .name = "Jim", .a" => ".{ .name = "Jim", .a"
51:5 -> 170:5 | "{ .name = "Jim", .ag" => "{ .name = "Jim", .ag"
51:6 -> 170:6 | " .name = "Jim", .age" => " .name = "Jim", .age"
51:7 -> 170:7 | ".name = "Jim", .age " => ".name = "Jim", .age "
51:8 -> 170:8 | "name = "Jim", .age =" => "name = "Jim", .age ="
51:12 -> 170:12 | " = "Jim", .age = 22 " => " = "Jim", .age = 22 "
51:13 -> 170:13 | "= "Jim", .age = 22 }" => "= "Jim", .age = 22 }"
51:14 -> 170:14 | " "Jim", .age = 22 }," => " "Jim", .age = 22 },"
51:15 -> 170:15 | ""Jim", .age = 22 }," => ""Jim", .age = 22 },"
51:16 -> 170:16 | "Jim", .age = 22 }," => "Jim", .age = 22 },"
51:19 -> 170:19 | "", .age = 22 }," => "", .age = 22 },"
51:20 -> 170:20 | ", .age = 22 }," => ", .age = 22 },"
51:21 -> 170:21 | " .age = 22 }," => " .age = 22 },"
51:22 -> 170:22 | ".age = 22 }," => ".age = 22 },"
51:23 -> 170:23 | "age = 22 }," => "age = 22 },"
51:26 -> 170:26 | " = 22 }," => " = 22 },"
51:27 -> 170:27 | "= 22 }," => "= 22 },"
51:28 -> 170:28 | " 22 }," => " 22 },"
51:29 -> 170:29 | "22 }," => "22 },"
51:31 -> 170:31 | " }," => " },"
51:32 -> 170:32 | "}," => "},"
51:33 -> 170:33 | "," => ","
51:34 -> 170:34 | "" => ""
52:4 -> 171:4 | ".{ .name = "Jill", ." => ".{ .name = "Jill", ."
52:5 -> 171:5 | "{ .name = "Jill", .a" => "{ .name = "Jill", .a"
52:6 -> 171:6 | " .name = "Jill", .ag" => " .name = "Jill", .ag"
52:7 -> 171:7 | ".name = "Jill", .age" => ".name = "Jill", .age"
52:8 -> 171:8 | "name = "Jill", .age " => "name = "Jill", .age "
52:12 -> 171:12 | " = "Jill", .age = 23" => " = "Jill", .age = 23"
52:13 -> 171:13 | "= "Jill", .age = 23 " => "= "Jill", .age = 23 "
52:14 -> 171:14 | " "Jill", .age = 23 }" => " "Jill", .age = 23 }"
52:15 -> 171:15 | ""Jill", .age = 23 }," => ""Jill", .age = 23 },"
52:16 -> 171:16 | "Jill", .age = 23 }," => "Jill", .age = 23 },"
52:20 -> 171:20 | "", .age = 23 }," => "", .age = 23 },"
52:21 -> 171:21 | ", .age = 23 }," => ", .age = 23 },"
52:22 -> 171:22 | " .age = 23 }," => " .age = 23 },"
52:23 -> 171:23 | ".age = 23 }," => ".age = 23 },"
52:24 -> 171:24 | "age = 23 }," => "age = 23 },"
52:27 -> 171:27 | " = 23 }," => " = 23 },"
52:28 -> 171:28 | "= 23 }," => "= 23 },"
52:29 -> 171:29 | " 23 }," => " 23 },"
52:30 -> 171:30 | "23 }," => "23 },"
52:32 -> 171:32 | " }," => " },"
52:33 -> 171:33 | "}," => "},"
52:34 -> 171:34 | "," => ","
52:35 -> 171:35 | "" => ""
53:0 -> 172:0 | "};" => "};"
53:1 -> 172:1 | ";" => ";"
53:2 -> 172:2 | "" => ""
55:0 -> 174:0 | "fn UserComponent(all" => "fn UserComponent(all"
55:2 -> 174:2 | " UserComponent(alloc" => " UserComponent(alloc"
55:3 -> 174:3 | "UserComponent(alloca" => "UserComponent(alloca"
55:16 -> 174:16 | "(allocator: zx.Alloc" => "(allocator: zx.Alloc"
55:17 -> 174:17 | "allocator: zx.Alloca" => "allocator: zx.Alloca"
55:26 -> 174:26 | ": zx.Allocator, prop" => ": zx.Allocator, prop"
55:27 -> 174:27 | " zx.Allocator, props" => " zx.Allocator, props"
55:28 -> 174:28 | "zx.Allocator, props:" => "zx.Allocator, props:"
55:30 -> 174:30 | ".Allocator, props: U" => ".Allocator, props: U"
55:31 -> 174:31 | "Allocator, props: Us" => "Allocator, props: Us"
55:40 -> 174:40 | ", props: User) zx.Co" => ", props: User) zx.Co"
55:41 -> 174:41 | " props: User) zx.Com" => " props: User) zx.Com"
55:42 -> 174:42 | "props: User) zx.Comp" => "props: User) zx.Comp"
55:47 -> 174:47 | ": User) zx.Component" => ": User) zx.Component"
55:48 -> 174:48 | " User) zx.Component " => " User) zx.Component "
55:49 -> 174:49 | "User) zx.Component {" => "User) zx.Component {"
55:53 -> 174:53 | ") zx.Component {" => ") zx.Component {"
55:54 -> 174:54 | " zx.Component {" => " zx.Component {"
55:55 -> 174:55 | "zx.Component {" => "zx.Component {"
55:57 -> 174:57 | ".Component {" => ".Component {"
55:58 -> 174:58 | "Component {" => "Component {"
55:67 -> 174:67 | " {" => " {"
55:68 -> 174:68 | "{" => "{"
55:69 -> 174:69 | "" => ""
56:4 -> 176:0 | "return (<p @allocato" => "return _zx.ele("
56:64 -> 177:4 | "</p>);" => ".p,"
56:12 -> 177:4 | "<p @allocator={alloc" => ".p,"
56:64 -> 177:5 | "</p>);" => "p,"
56:12 -> 177:5 | "<p @allocator={alloc" => "p,"
56:64 -> 177:6 | "</p>);" => ","
56:26 -> 179:21 | "{allocator}>{props.n" => "allocator,"
56:39 -> 181:12 | "props.name} - {props" => "_zx.expr(props.name)"
56:39 -> 181:21 | "props.name} - {props" => "props.name),"
56:50 -> 182:12 | " - {props.age}</p>);" => "_zx.txt(" - "),"
56:54 -> 183:12 | "props.age}</p>);" => "_zx.expr(props.age),"
56:54 -> 183:21 | "props.age}</p>);" => "props.age),"
56:68 -> 186:0 | ");" => ");"
56:69 -> 186:1 | ";" => ";"
56:70 -> 186:2 | "" => ""
57:0 -> 187:0 | "}" => "}"
57:1 -> 187:1 | "" => ""
59:0 -> 189:0 | "const zx = @import("" => "const zx = @import(""
59:5 -> 189:5 | " zx = @import("zx");" => " zx = @import("zx");"
59:6 -> 189:6 | "zx = @import("zx");" => "zx = @import("zx");"
59:8 -> 189:8 | " = @import("zx");" => " = @import("zx");"
59:9 -> 189:9 | "= @import("zx");" => "= @import("zx");"
59:10 -> 189:10 | " @import("zx");" => " @import("zx");"
59:11 -> 189:11 | "@import("zx");" => "@import("zx");"
59:18 -> 189:18 | "("zx");" => "("zx");"
59:19 -> 189:19 | ""zx");" => ""zx");"
59:20 -> 189:20 | "zx");" => "zx");"
59:22 -> 189:22 | "");" => "");"
59:23 -> 189:23 | ");" => ");"
59:24 -> 189:24 | ";" => ";"
59:25 -> 189:25 | "" => ""
60:0 -> 190:0 | "const std = @import(" => "const std = @import("
60:5 -> 190:5 | " std = @import("std"" => " std = @import("std""
60:6 -> 190:6 | "std = @import("std")" => "std = @import("std")"
60:9 -> 190:9 | " = @import("std");" => " = @import("std");"
60:10 -> 190:10 | "= @import("std");" => "= @import("std");"
60:11 -> 190:11 | " @import("std");" => " @import("std");"
60:12 -> 190:12 | "@import("std");" => "@import("std");"
60:19 -> 190:19 | "("std");" => "("std");"
60:20 -> 190:20 | ""std");" => ""std");"
60:21 -> 190:21 | "std");" => "std");"
60:24 -> 190:24 | "");" => "");"
60:25 -> 190:25 | ");" => ");"
60:26 -> 190:26 | ";" => ";"
60:27 -> 190:27 | "" => ""
