0:0 -> 0:0 | "pub fn Page(allocato" => "pub fn Page(allocato"
0:3 -> 0:3 | " fn Page(allocator: " => " fn Page(allocator: "
0:4 -> 0:4 | "fn Page(allocator: z" => "fn Page(allocator: z"
0:6 -> 0:6 | " Page(allocator: zx." => " Page(allocator: zx."
0:7 -> 0:7 | "Page(allocator: zx.A" => "Page(allocator: zx.A"
0:11 -> 0:11 | "(allocator: zx.Alloc" => "(allocator: zx.Alloc"
0:12 -> 0:12 | "allocator: zx.Alloca" => "allocator: zx.Alloca"
0:21 -> 0:21 | ": zx.Allocator) zx.C" => ": zx.Allocator) zx.C"
0:22 -> 0:22 | " zx.Allocator) zx.Co" => " zx.Allocator) zx.Co"
0:23 -> 0:23 | "zx.Allocator) zx.Com" => "zx.Allocator) zx.Com"
0:25 -> 0:25 | ".Allocator) zx.Compo" => ".Allocator) zx.Compo"
0:26 -> 0:26 | "Allocator) zx.Compon" => "Allocator) zx.Compon"
0:35 -> 0:35 | ") zx.Component {" => ") zx.Component {"
0:36 -> 0:36 | " zx.Component {" => " zx.Component {"
0:37 -> 0:37 | "zx.Component {" => "zx.Component {"
0:39 -> 0:39 | ".Component {" => ".Component {"
0:40 -> 0:40 | "Component {" => "Component {"
0:49 -> 0:49 | " {" => " {"
0:50 -> 0:50 | "{" => "{"
0:51 -> 0:51 | "" => ""
1:4 -> 2:0 | "return " => "return "
2:7 -> 3:4 | "main" => ".main"
2:14 -> 5:8 | "@allocator" => "allocator"
2:26 -> 5:21 | "allocator" => "allocator"
3:13 -> 8:16 | "h1" => ".h1"
3:16 -> 11:33 | "Welcome to the site!" => ""Welcome to the site!"
3:38 -> 8:16 | "h1" => ".h1"
4:10 -> 3:4 | "main" => ".main"
5:5 -> 17:1 | ";" => ";"
6:0 -> 18:0 | "}" => "}"
6:1 -> 18:1 | "" => ""
8:0 -> 20:0 | "const zx = @import("" => "const zx = @import(""
8:5 -> 20:5 | " zx = @import("zx");" => " zx = @import("zx");"
8:6 -> 20:6 | "zx = @import("zx");" => "zx = @import("zx");"
8:8 -> 20:8 | " = @import("zx");" => " = @import("zx");"
8:9 -> 20:9 | "= @import("zx");" => "= @import("zx");"
8:10 -> 20:10 | " @import("zx");" => " @import("zx");"
8:11 -> 20:11 | "@import("zx");" => "@import("zx");"
8:18 -> 20:18 | "("zx");" => "("zx");"
8:19 -> 20:19 | ""zx");" => ""zx");"
8:20 -> 20:20 | "zx");" => "zx");"
8:22 -> 20:22 | "");" => "");"
8:23 -> 20:23 | ");" => ");"
8:24 -> 20:24 | ";" => ";"
8:25 -> 20:25 | "" => ""
