0:0 -> 0:0 | "pub fn Page(allocato" => "pub fn Page(allocato"
0:3 -> 0:3 | " fn Page(allocator: " => " fn Page(allocator: "
0:4 -> 0:4 | "fn Page(allocator: z" => "fn Page(allocator: z"
0:6 -> 0:6 | " Page(allocator: zx." => " Page(allocator: zx."
0:7 -> 0:7 | "Page(allocator: zx.A" => "Page(allocator: zx.A"
0:11 -> 0:11 | "(allocator: zx.Alloc" => "(allocator: zx.Alloc"
0:12 -> 0:12 | "allocator: zx.Alloca" => "allocator: zx.Alloca"
0:21 -> 0:21 | ": zx.Allocator) zx.C" => ": zx.Allocator) zx.C"
0:22 -> 0:22 | " zx.Allocator) zx.Co" => " zx.Allocator) zx.Co"
0:23 -> 0:23 | "zx.Allocator) zx.Com" => "zx.Allocator) zx.Com"
0:25 -> 0:25 | ".Allocator) zx.Compo" => ".Allocator) zx.Compo"
0:26 -> 0:26 | "Allocator) zx.Compon" => "Allocator) zx.Compon"
0:35 -> 0:35 | ") zx.Component {" => ") zx.Component {"
0:36 -> 0:36 | " zx.Component {" => " zx.Component {"
0:37 -> 0:37 | "zx.Component {" => "zx.Component {"
0:39 -> 0:39 | ".Component {" => ".Component {"
0:40 -> 0:40 | "Component {" => "Component {"
0:49 -> 0:49 | " {" => " {"
0:50 -> 0:50 | "{" => "{"
0:51 -> 0:51 | "" => ""
1:4 -> 2:0 | "return (" => "return _zx.ele("
18:8 -> 3:4 | "</main>" => ".main,"
2:8 -> 3:4 | "<main @allocator={al" => ".main,"
18:8 -> 3:5 | "</main>" => "main,"
2:8 -> 3:5 | "<main @allocator={al" => "main,"
18:8 -> 3:9 | "</main>" => ","
2:25 -> 5:21 | "{allocator}>" => "allocator,"
17:12 -> 8:16 | "</div>" => ".div,"
3:12 -> 8:16 | "<div class="containe" => ".div,"
17:12 -> 8:17 | "</div>" => "div,"
3:12 -> 8:17 | "<div class="containe" => "div,"
17:12 -> 8:20 | "</div>" => ","
3:17 -> 11:34 | "class="container">" => "class", "container")"
3:23 -> 11:42 | ""container">" => ""container"),"
11:16 -> 15:28 | "</header>" => ".header,"
4:16 -> 15:28 | "<header>" => ".header,"
11:16 -> 15:29 | "</header>" => "header,"
4:16 -> 15:29 | "<header>" => "header,"
11:16 -> 15:35 | "</header>" => ","
10:20 -> 19:40 | "</nav>" => ".nav,"
5:20 -> 19:40 | "<nav>" => ".nav,"
10:20 -> 19:41 | "</nav>" => "nav,"
5:20 -> 19:41 | "<nav>" => "nav,"
10:20 -> 19:44 | "</nav>" => ","
9:24 -> 23:52 | "</ul>" => ".ul,"
6:24 -> 23:52 | "<ul>" => ".ul,"
9:24 -> 23:53 | "</ul>" => "ul,"
6:24 -> 23:53 | "<ul>" => "ul,"
9:24 -> 23:55 | "</ul>" => ","
7:52 -> 27:64 | "</li>" => ".li,"
7:28 -> 27:64 | "<li><a href="/">Home" => ".li,"
7:52 -> 27:65 | "</li>" => "li,"
7:28 -> 27:65 | "<li><a href="/">Home" => "li,"
7:52 -> 27:67 | "</li>" => ","
7:48 -> 31:76 | "</a></li>" => ".a,"
7:32 -> 31:76 | "<a href="/">Home</a>" => ".a,"
7:48 -> 31:77 | "</a></li>" => "a,"
7:32 -> 31:77 | "<a href="/">Home</a>" => "a,"
7:48 -> 31:78 | "</a></li>" => ","
7:35 -> 34:94 | "href="/">Home</a></l" => "href", "/"),"
7:40 -> 34:101 | ""/">Home</a></li>" => ""/"),"
7:44 -> 37:84 | "Home</a></li>" => "_zx.txt("Home"),"
7:52 -> 40:72 | "</li>" => "),"
7:57 -> 43:60 | "" => "),"
8:58 -> 45:64 | "</li>" => ".li,"
8:28 -> 45:64 | "<li><a href="/about"" => ".li,"
8:58 -> 45:65 | "</li>" => "li,"
8:28 -> 45:65 | "<li><a href="/about"" => "li,"
8:58 -> 45:67 | "</li>" => ","
8:54 -> 49:76 | "</a></li>" => ".a,"
8:32 -> 49:76 | "<a href="/about">Abo" => ".a,"
8:54 -> 49:77 | "</a></li>" => "a,"
8:32 -> 49:77 | "<a href="/about">Abo" => "a,"
8:54 -> 49:78 | "</a></li>" => ","
8:35 -> 52:94 | "href="/about">About<" => "href", "/about"),"
8:40 -> 52:101 | ""/about">About</a></" => ""/about"),"
8:49 -> 55:84 | "About</a></li>" => "_zx.txt("About"),"
8:58 -> 58:72 | "</li>" => "),"
8:63 -> 61:60 | "" => "),"
9:29 -> 64:48 | "" => "),"
10:26 -> 67:36 | "" => "),"
11:25 -> 70:24 | "" => "),"
16:16 -> 72:28 | "</article>" => ".article,"
12:16 -> 72:28 | "<article>" => ".article,"
16:16 -> 72:29 | "</article>" => "article,"
12:16 -> 72:29 | "<article>" => "article,"
16:16 -> 72:36 | "</article>" => ","
15:20 -> 76:40 | "</section>" => ".section,"
13:20 -> 76:40 | "<section>" => ".section,"
15:20 -> 76:41 | "</section>" => "section,"
13:20 -> 76:41 | "<section>" => "section,"
15:20 -> 76:48 | "</section>" => ","
14:48 -> 80:52 | "</p>" => ".p,"
14:24 -> 80:52 | "<p>Deeply nested con" => ".p,"
14:48 -> 80:53 | "</p>" => "p,"
14:24 -> 80:53 | "<p>Deeply nested con" => "p,"
14:48 -> 80:54 | "</p>" => ","
14:27 -> 83:60 | "Deeply nested conten" => "_zx.txt("Deeply nest"
14:52 -> 86:48 | "" => "),"
15:30 -> 89:36 | "" => "),"
16:26 -> 92:24 | "" => "),"
17:18 -> 95:12 | "" => "),"
18:15 -> 98:0 | "" => ");"
19:5 -> 98:1 | ";" => ";"
19:6 -> 98:2 | "" => ""
20:0 -> 99:0 | "}" => "}"
20:1 -> 99:1 | "" => ""
22:0 -> 101:0 | "const zx = @import("" => "const zx = @import(""
22:5 -> 101:5 | " zx = @import("zx");" => " zx = @import("zx");"
22:6 -> 101:6 | "zx = @import("zx");" => "zx = @import("zx");"
22:8 -> 101:8 | " = @import("zx");" => " = @import("zx");"
22:9 -> 101:9 | "= @import("zx");" => "= @import("zx");"
22:10 -> 101:10 | " @import("zx");" => " @import("zx");"
22:11 -> 101:11 | "@import("zx");" => "@import("zx");"
22:18 -> 101:18 | "("zx");" => "("zx");"
22:19 -> 101:19 | ""zx");" => ""zx");"
22:20 -> 101:20 | "zx");" => "zx");"
22:22 -> 101:22 | "");" => "");"
22:23 -> 101:23 | ");" => ");"
22:24 -> 101:24 | ";" => ";"
22:25 -> 101:25 | "" => ""
